[backblue.gif]
[fade.gif]
[index.html]
[www.roboauto.cz/assets/img/favicons/favicon.ico]
[www.roboauto.cz/assets/img/favicons/apple-touch-icon.png]
[www.roboauto.cz/assets/img/favicons/apple-touch-icon-72x72.png]
[www.roboauto.cz/assets/img/favicons/apple-touch-icon-114x114.png]
[www.roboauto.cz/assets/img/siteContent/banner1.jpg]
[www.roboauto.cz/assets/img/siteContent/photo_team.png]
[www.roboauto.cz/assets/img/logos/udacity-didi.png]
[www.roboauto.cz/assets/img/icons/advantages_fusion.png]
[www.roboauto.cz/assets/img/icons/advantages_simulations.png]
[www.roboauto.cz/assets/img/icons/advantages_validations.png]
[www.roboauto.cz/assets/img/icons/advantages_planning.png]
[www.roboauto.cz/assets/img/icons/technology_detection.png]
[www.roboauto.cz/assets/img/icons/technology_ROS.png]
[www.roboauto.cz/assets/img/icons/technology_camera.png]
[www.roboauto.cz/assets/img/icons/technology_laneDetection.png]
[www.roboauto.cz/assets/img/icons/technology_neural.png]
[www.roboauto.cz/assets/img/icons/technology_probabilistic.png]
[www.roboauto.cz/assets/img/logos/skoda.png]
[www.roboauto.cz/assets/img/logos/valeo.png]
[www.roboauto.cz/assets/js/layout.concat.min.js]
[www.roboauto.cz/index.html]
[www.roboauto.cz/assets/css/layout.min.css]
